<rss xmlns:yandex="http://news.yandex.ru" xmlns:media="http://search.yahoo.com/mrss/" xmlns:turbo="http://turbo.yandex.ru" version="2.0"><channel><title><![CDATA[Channel Yandex RSS]]></title><link>http://github.com/LightAir/turbo-rss</link><description><![CDATA[Channel Yandex RSS]]></description><language>ru</language><item turbo="true"><link></link><turbo:source></turbo:source><turbo:content><![CDATA[<header> <h1>No title</h1>undefined</header>]]></turbo:content></item></channel></rss>
